// Jest Snapshot v1, https://goo.gl/fbAQLP

exports[`Cell Snapshot Test 1`] = `
<div
  className="Cell"
  onClick={undefined}
>
  <h1>
    x
  </h1>
</div>
`;
