// Jest Snapshot v1, https://goo.gl/fbAQLP

exports[`Row: snapshot test 1`] = `
<div>
  <div
    className="cell"
    onClick={[Function]}
  >
    X
  </div>
  <div
    className="cell"
    onClick={[Function]}
  >
    O
  </div>
  <div
    className="cell"
    onClick={[Function]}
  >
    X
  </div>
</div>
`;
