// Jest Snapshot v1, https://goo.gl/fbAQLP

exports[`Box: Box snapshot 1`] = `
<div>
  <div>
    <div
      className="btn btn-o"
      onClick={[Function]}
    >
      O
    </div>
    <div
      className="btn btn-x"
      onClick={[Function]}
    >
      X
    </div>
    <div
      className="btn btn-o"
      onClick={[Function]}
    >
      O
    </div>
  </div>
  <div>
    <div
      className="btn btn-x"
      onClick={[Function]}
    >
      X
    </div>
    <div
      className="btn btn-o"
      onClick={[Function]}
    >
      O
    </div>
    <div
      className="btn btn-x"
      onClick={[Function]}
    >
      X
    </div>
  </div>
  <div>
    <div
      className="btn btn-o"
      onClick={[Function]}
    >
      O
    </div>
    <div
      className="btn btn-x"
      onClick={[Function]}
    >
      X
    </div>
    <div
      className="btn btn-o"
      onClick={[Function]}
    >
      O
    </div>
  </div>
</div>
`;
