// Jest Snapshot v1, https://goo.gl/fbAQLP

exports[`Row: Snapshot test 1`] = `
<div>
  <div
    className="Cell-button Cell-button__blue"
    onClick={undefined}
  >
    o
  </div>
  <div
    className="Cell-button Cell-button__blue"
    onClick={undefined}
  >
    x
  </div>
  <div
    className="Cell-button Cell-button__blue"
    onClick={undefined}
  >
    o
  </div>
</div>
`;
